Archive member included to satisfy reference by file (symbol)

/usr/lib/x86_64-linux-gnu/libc_nonshared.a(elf-init.oS)
                              /usr/lib/gcc/x86_64-linux-gnu/9/../../../x86_64-linux-gnu/Scrt1.o (__libc_csu_init)

Merging program properties


As-needed library included to satisfy reference by file (symbol)

libsfml-graphics.so.2.5       debug/out/game.o (sf::RenderWindow::~RenderWindow())
libsfml-window.so.2.5         debug/out/game.o (sf::Window::pollEvent(sf::Event&))
libsfml-system.so.2.5         debug/out/game.o (sf::String::String(std::__cxx11::basic_string<char, std::char_traits<char>, std::allocator<char> > const&, std::locale const&))
libstdc++.so.6                debug/out/game.o (std::locale::~locale()@@GLIBCXX_3.4)
libgcc_s.so.1                 debug/out/main.o (_Unwind_Resume@@GCC_3.0)
libc.so.6                     debug/out/main.o (puts@@GLIBC_2.2.5)

Discarded input sections

 .note.GNU-stack
                0x0000000000000000        0x0 /usr/lib/gcc/x86_64-linux-gnu/9/../../../x86_64-linux-gnu/Scrt1.o
 .note.gnu.property
                0x0000000000000000       0x20 /usr/lib/gcc/x86_64-linux-gnu/9/../../../x86_64-linux-gnu/crti.o
 .note.GNU-stack
                0x0000000000000000        0x0 /usr/lib/gcc/x86_64-linux-gnu/9/../../../x86_64-linux-gnu/crti.o
 .note.GNU-stack
                0x0000000000000000        0x0 /usr/lib/gcc/x86_64-linux-gnu/9/crtbeginS.o
 .note.gnu.property
                0x0000000000000000       0x20 /usr/lib/gcc/x86_64-linux-gnu/9/crtbeginS.o
 .group         0x0000000000000000        0xc debug/out/main.o
 .note.GNU-stack
                0x0000000000000000        0x0 debug/out/main.o
 .note.gnu.property
                0x0000000000000000       0x20 debug/out/main.o
 .group         0x0000000000000000        0xc debug/out/physics.o
 .group         0x0000000000000000        0xc debug/out/physics.o
 .group         0x0000000000000000        0x8 debug/out/physics.o
 .note.GNU-stack
                0x0000000000000000        0x0 debug/out/physics.o
 .note.gnu.property
                0x0000000000000000       0x20 debug/out/physics.o
 .group         0x0000000000000000        0x8 debug/out/game.o
 .group         0x0000000000000000        0xc debug/out/game.o
 .group         0x0000000000000000        0xc debug/out/game.o
 .group         0x0000000000000000        0xc debug/out/game.o
 .group         0x0000000000000000        0xc debug/out/game.o
 .group         0x0000000000000000        0xc debug/out/game.o
 .group         0x0000000000000000        0x8 debug/out/game.o
 .group         0x0000000000000000        0xc debug/out/game.o
 .group         0x0000000000000000        0xc debug/out/game.o
 .group         0x0000000000000000        0x8 debug/out/game.o
 .group         0x0000000000000000        0xc debug/out/game.o
 .group         0x0000000000000000        0xc debug/out/game.o
 .group         0x0000000000000000        0x8 debug/out/game.o
 .group         0x0000000000000000        0xc debug/out/game.o
 .group         0x0000000000000000        0xc debug/out/game.o
 .group         0x0000000000000000        0xc debug/out/game.o
 .group         0x0000000000000000        0x8 debug/out/game.o
 .group         0x0000000000000000        0xc debug/out/game.o
 .group         0x0000000000000000        0xc debug/out/game.o
 .group         0x0000000000000000        0x8 debug/out/game.o
 .group         0x0000000000000000        0xc debug/out/game.o
 .data.rel.local.DW.ref.__gxx_personality_v0
                0x0000000000000000        0x8 debug/out/game.o
 .note.GNU-stack
                0x0000000000000000        0x0 debug/out/game.o
 .note.gnu.property
                0x0000000000000000       0x20 debug/out/game.o
 .note.GNU-stack
                0x0000000000000000        0x0 /usr/lib/x86_64-linux-gnu/libc_nonshared.a(elf-init.oS)
 .note.gnu.property
                0x0000000000000000       0x20 /usr/lib/x86_64-linux-gnu/libc_nonshared.a(elf-init.oS)
 .note.GNU-stack
                0x0000000000000000        0x0 /usr/lib/gcc/x86_64-linux-gnu/9/crtendS.o
 .note.gnu.property
                0x0000000000000000       0x20 /usr/lib/gcc/x86_64-linux-gnu/9/crtendS.o
 .note.gnu.property
                0x0000000000000000       0x20 /usr/lib/gcc/x86_64-linux-gnu/9/../../../x86_64-linux-gnu/crtn.o
 .note.GNU-stack
                0x0000000000000000        0x0 /usr/lib/gcc/x86_64-linux-gnu/9/../../../x86_64-linux-gnu/crtn.o

Memory Configuration

Name             Origin             Length             Attributes
*default*        0x0000000000000000 0xffffffffffffffff

Linker script and memory map

LOAD /usr/lib/gcc/x86_64-linux-gnu/9/../../../x86_64-linux-gnu/Scrt1.o
LOAD /usr/lib/gcc/x86_64-linux-gnu/9/../../../x86_64-linux-gnu/crti.o
LOAD /usr/lib/gcc/x86_64-linux-gnu/9/crtbeginS.o
LOAD debug/out/main.o
LOAD debug/out/physics.o
LOAD debug/out/game.o
LOAD /usr/lib/gcc/x86_64-linux-gnu/9/../../../x86_64-linux-gnu/libsfml-graphics.so
LOAD /usr/lib/gcc/x86_64-linux-gnu/9/../../../x86_64-linux-gnu/libsfml-window.so
LOAD /usr/lib/gcc/x86_64-linux-gnu/9/../../../x86_64-linux-gnu/libsfml-system.so
LOAD /usr/lib/gcc/x86_64-linux-gnu/9/libstdc++.so
LOAD /usr/lib/gcc/x86_64-linux-gnu/9/../../../x86_64-linux-gnu/libm.so
START GROUP
LOAD /lib/x86_64-linux-gnu/libm.so.6
LOAD /lib/x86_64-linux-gnu/libmvec.so.1
END GROUP
LOAD /usr/lib/gcc/x86_64-linux-gnu/9/libgcc_s.so
START GROUP
LOAD /usr/lib/gcc/x86_64-linux-gnu/9/../../../x86_64-linux-gnu/libgcc_s.so.1
LOAD /usr/lib/gcc/x86_64-linux-gnu/9/libgcc.a
END GROUP
LOAD /usr/lib/gcc/x86_64-linux-gnu/9/libgcc.a
LOAD /usr/lib/gcc/x86_64-linux-gnu/9/../../../x86_64-linux-gnu/libc.so
START GROUP
LOAD /lib/x86_64-linux-gnu/libc.so.6
LOAD /usr/lib/x86_64-linux-gnu/libc_nonshared.a
LOAD /lib/x86_64-linux-gnu/ld-linux-x86-64.so.2
END GROUP
LOAD /usr/lib/gcc/x86_64-linux-gnu/9/libgcc_s.so
START GROUP
LOAD /usr/lib/gcc/x86_64-linux-gnu/9/../../../x86_64-linux-gnu/libgcc_s.so.1
LOAD /usr/lib/gcc/x86_64-linux-gnu/9/libgcc.a
END GROUP
LOAD /usr/lib/gcc/x86_64-linux-gnu/9/libgcc.a
LOAD /usr/lib/gcc/x86_64-linux-gnu/9/crtendS.o
LOAD /usr/lib/gcc/x86_64-linux-gnu/9/../../../x86_64-linux-gnu/crtn.o
                [!provide]                        PROVIDE (__executable_start = SEGMENT_START ("text-segment", 0x0))
                0x0000000000000318                . = (SEGMENT_START ("text-segment", 0x0) + SIZEOF_HEADERS)

.interp         0x0000000000000318       0x1c
 *(.interp)
 .interp        0x0000000000000318       0x1c /usr/lib/gcc/x86_64-linux-gnu/9/../../../x86_64-linux-gnu/Scrt1.o

.note.gnu.property
                0x0000000000000338       0x20
 .note.gnu.property
                0x0000000000000338       0x20 /usr/lib/gcc/x86_64-linux-gnu/9/../../../x86_64-linux-gnu/Scrt1.o

.note.gnu.build-id
                0x0000000000000358       0x24
 *(.note.gnu.build-id)
 .note.gnu.build-id
                0x0000000000000358       0x24 /usr/lib/gcc/x86_64-linux-gnu/9/../../../x86_64-linux-gnu/Scrt1.o

.note.ABI-tag   0x000000000000037c       0x20
 .note.ABI-tag  0x000000000000037c       0x20 /usr/lib/gcc/x86_64-linux-gnu/9/../../../x86_64-linux-gnu/Scrt1.o

.hash
 *(.hash)

.gnu.hash       0x00000000000003a0       0x44
 *(.gnu.hash)
 .gnu.hash      0x00000000000003a0       0x44 /usr/lib/gcc/x86_64-linux-gnu/9/../../../x86_64-linux-gnu/Scrt1.o

.dynsym         0x00000000000003e8      0x4b0
 *(.dynsym)
 .dynsym        0x00000000000003e8      0x4b0 /usr/lib/gcc/x86_64-linux-gnu/9/../../../x86_64-linux-gnu/Scrt1.o

.dynstr         0x0000000000000898      0x621
 *(.dynstr)
 .dynstr        0x0000000000000898      0x621 /usr/lib/gcc/x86_64-linux-gnu/9/../../../x86_64-linux-gnu/Scrt1.o

.gnu.version    0x0000000000000eba       0x64
 *(.gnu.version)
 .gnu.version   0x0000000000000eba       0x64 /usr/lib/gcc/x86_64-linux-gnu/9/../../../x86_64-linux-gnu/Scrt1.o

.gnu.version_d  0x0000000000000f20        0x0
 *(.gnu.version_d)
 .gnu.version_d
                0x0000000000000f20        0x0 /usr/lib/gcc/x86_64-linux-gnu/9/../../../x86_64-linux-gnu/Scrt1.o

.gnu.version_r  0x0000000000000f20       0xa0
 *(.gnu.version_r)
 .gnu.version_r
                0x0000000000000f20       0xa0 /usr/lib/gcc/x86_64-linux-gnu/9/../../../x86_64-linux-gnu/Scrt1.o

.rela.dyn       0x0000000000000fc0      0x270
 *(.rela.init)
 *(.rela.text .rela.text.* .rela.gnu.linkonce.t.*)
 .rela.text     0x0000000000000fc0        0x0 /usr/lib/gcc/x86_64-linux-gnu/9/../../../x86_64-linux-gnu/Scrt1.o
 *(.rela.fini)
 *(.rela.rodata .rela.rodata.* .rela.gnu.linkonce.r.*)
 *(.rela.data .rela.data.* .rela.gnu.linkonce.d.*)
 .rela.data.rel.ro
                0x0000000000000fc0        0x0 /usr/lib/gcc/x86_64-linux-gnu/9/../../../x86_64-linux-gnu/Scrt1.o
 .rela.data.rel.local
                0x0000000000000fc0       0x18 /usr/lib/gcc/x86_64-linux-gnu/9/../../../x86_64-linux-gnu/Scrt1.o
 .rela.data.rel.local.DW.ref.__gxx_personality_v0
                0x0000000000000fd8       0x18 /usr/lib/gcc/x86_64-linux-gnu/9/../../../x86_64-linux-gnu/Scrt1.o
 .rela.data.rel.ro.local._ZTV13PhysicsEngine
                0x0000000000000ff0       0x48 /usr/lib/gcc/x86_64-linux-gnu/9/../../../x86_64-linux-gnu/Scrt1.o
 .rela.data.rel.ro._ZTI13PhysicsEngine
                0x0000000000001038       0x30 /usr/lib/gcc/x86_64-linux-gnu/9/../../../x86_64-linux-gnu/Scrt1.o
 .rela.data.rel.ro.local._ZTV10GameEngine
                0x0000000000001068       0x48 /usr/lib/gcc/x86_64-linux-gnu/9/../../../x86_64-linux-gnu/Scrt1.o
 .rela.data.rel.ro._ZTI10GameEngine
                0x00000000000010b0       0x30 /usr/lib/gcc/x86_64-linux-gnu/9/../../../x86_64-linux-gnu/Scrt1.o
 *(.rela.tdata .rela.tdata.* .rela.gnu.linkonce.td.*)
 *(.rela.tbss .rela.tbss.* .rela.gnu.linkonce.tb.*)
 *(.rela.ctors)
 *(.rela.dtors)
 *(.rela.got)
 .rela.got      0x00000000000010e0       0xa8 /usr/lib/gcc/x86_64-linux-gnu/9/../../../x86_64-linux-gnu/Scrt1.o
 *(.rela.bss .rela.bss.* .rela.gnu.linkonce.b.*)
 .rela.bss      0x0000000000001188       0x30 /usr/lib/gcc/x86_64-linux-gnu/9/../../../x86_64-linux-gnu/Scrt1.o
 *(.rela.ldata .rela.ldata.* .rela.gnu.linkonce.l.*)
 *(.rela.lbss .rela.lbss.* .rela.gnu.linkonce.lb.*)
 *(.rela.lrodata .rela.lrodata.* .rela.gnu.linkonce.lr.*)
 *(.rela.ifunc)
 .rela.ifunc    0x00000000000011b8        0x0 /usr/lib/gcc/x86_64-linux-gnu/9/../../../x86_64-linux-gnu/Scrt1.o
 .rela.fini_array
                0x00000000000011b8       0x18 /usr/lib/gcc/x86_64-linux-gnu/9/../../../x86_64-linux-gnu/Scrt1.o
 .rela.init_array
                0x00000000000011d0       0x60 /usr/lib/gcc/x86_64-linux-gnu/9/../../../x86_64-linux-gnu/Scrt1.o
 .rela.eh_frame
                0x0000000000001230        0x0 /usr/lib/gcc/x86_64-linux-gnu/9/../../../x86_64-linux-gnu/Scrt1.o

.rela.plt       0x0000000000001230      0x318
 *(.rela.plt)
 .rela.plt      0x0000000000001230      0x318 /usr/lib/gcc/x86_64-linux-gnu/9/../../../x86_64-linux-gnu/Scrt1.o
 *(.rela.iplt)
                0x0000000000002000                . = ALIGN (CONSTANT (MAXPAGESIZE))

.init           0x0000000000002000       0x1b
 *(SORT_NONE(.init))
 .init          0x0000000000002000       0x16 /usr/lib/gcc/x86_64-linux-gnu/9/../../../x86_64-linux-gnu/crti.o
                0x0000000000002000                _init
 .init          0x0000000000002016        0x5 /usr/lib/gcc/x86_64-linux-gnu/9/../../../x86_64-linux-gnu/crtn.o

.plt            0x0000000000002020      0x220
 *(.plt)
 .plt           0x0000000000002020      0x220 /usr/lib/gcc/x86_64-linux-gnu/9/../../../x86_64-linux-gnu/Scrt1.o
 *(.iplt)

.plt.got        0x0000000000002240       0x10
 *(.plt.got)
 .plt.got       0x0000000000002240       0x10 /usr/lib/gcc/x86_64-linux-gnu/9/../../../x86_64-linux-gnu/Scrt1.o
                0x0000000000002240                __cxa_finalize@@GLIBC_2.2.5

.plt.sec        0x0000000000002250      0x210
 *(.plt.sec)
 .plt.sec       0x0000000000002250      0x210 /usr/lib/gcc/x86_64-linux-gnu/9/../../../x86_64-linux-gnu/Scrt1.o
                0x0000000000002250                std::__cxx11::basic_string<char, std::char_traits<char>, std::allocator<char> >::operator=(std::__cxx11::basic_string<char, std::char_traits<char>, std::allocator<char> > const&)@@GLIBCXX_3.4.21
                0x0000000000002260                printf@@GLIBC_2.2.5
                0x0000000000002270                sf::String::String(std::__cxx11::basic_string<char, std::char_traits<char>, std::allocator<char> > const&, std::locale const&)
                0x0000000000002280                sf::RenderWindow::RenderWindow()
                0x0000000000002290                std::__cxx11::basic_string<char, std::char_traits<char>, std::allocator<char> >::~basic_string()@@GLIBCXX_3.4.21
                0x00000000000022a0                sf::RenderTarget::clear(sf::Color const&)
                0x00000000000022b0                sf::VideoMode::VideoMode(unsigned int, unsigned int, unsigned int)
                0x00000000000022c0                sf::Window::pollEvent(sf::Event&)
                0x00000000000022d0                __cxa_atexit@@GLIBC_2.2.5
                0x00000000000022e0                std::basic_ostream<char, std::char_traits<char> >& std::operator<< <char, std::char_traits<char>, std::allocator<char> >(std::basic_ostream<char, std::char_traits<char> >&, std::__cxx11::basic_string<char, std::char_traits<char>, std::allocator<char> > const&)@@GLIBCXX_3.4.21
                0x00000000000022f0                operator delete(void*)@@GLIBCXX_3.4
                0x0000000000002300                std::basic_ostream<char, std::char_traits<char> >& std::operator<< <std::char_traits<char> >(std::basic_ostream<char, std::char_traits<char> >&, char const*)@@GLIBCXX_3.4
                0x0000000000002310                operator new(unsigned long)@@GLIBCXX_3.4
                0x0000000000002320                operator delete(void*, unsigned long)@@CXXABI_1.3.9
                0x0000000000002330                sf::Window::isOpen() const
                0x0000000000002340                std::ostream::operator<<(std::ostream& (*)(std::ostream&))@@GLIBCXX_3.4
                0x0000000000002350                std::allocator<char>::~allocator()@@GLIBCXX_3.4
                0x0000000000002360                __stack_chk_fail@@GLIBC_2.4
                0x0000000000002370                __cxa_call_unexpected@@CXXABI_1.3
                0x0000000000002380                sf::Window::display()
                0x0000000000002390                std::__cxx11::basic_string<char, std::char_traits<char>, std::allocator<char> >::operator=(char const*)@@GLIBCXX_3.4.21
                0x00000000000023a0                std::__cxx11::basic_string<char, std::char_traits<char>, std::allocator<char> >::basic_string(char const*, std::allocator<char> const&)@@GLIBCXX_3.4.21
                0x00000000000023b0                std::__cxx11::basic_string<char, std::char_traits<char>, std::allocator<char> >::basic_string()@@GLIBCXX_3.4.21
                0x00000000000023c0                std::locale::~locale()@@GLIBCXX_3.4
                0x00000000000023d0                sf::RenderWindow::RenderWindow(sf::VideoMode, sf::String const&, unsigned int, sf::ContextSettings const&)
                0x00000000000023e0                std::ios_base::Init::Init()@@GLIBCXX_3.4
                0x00000000000023f0                puts@@GLIBC_2.2.5
                0x0000000000002400                sf::RenderWindow::~RenderWindow()
                0x0000000000002410                std::ostream::operator<<(int)@@GLIBCXX_3.4
                0x0000000000002420                _Unwind_Resume@@GCC_3.0
                0x0000000000002430                std::allocator<char>::allocator()@@GLIBCXX_3.4
                0x0000000000002440                sf::Window::close()
                0x0000000000002450                std::locale::locale()@@GLIBCXX_3.4

.text           0x0000000000002460      0xd45
 *(.text.unlikely .text.*_unlikely .text.unlikely.*)
 *(.text.exit .text.exit.*)
 *(.text.startup .text.startup.*)
 *(.text.hot .text.hot.*)
 *(SORT_BY_NAME(.text.sorted.*))
 *(.text .stub .text.* .gnu.linkonce.t.*)
 .text          0x0000000000002460       0x2f /usr/lib/gcc/x86_64-linux-gnu/9/../../../x86_64-linux-gnu/Scrt1.o
                0x0000000000002460                _start
 .text          0x000000000000248f        0x0 /usr/lib/gcc/x86_64-linux-gnu/9/../../../x86_64-linux-gnu/crti.o
 *fill*         0x000000000000248f        0x1 
 .text          0x0000000000002490       0xb9 /usr/lib/gcc/x86_64-linux-gnu/9/crtbeginS.o
 .text          0x0000000000002549      0x1df debug/out/main.o
                0x0000000000002549                main
 .text          0x0000000000002728      0x10a debug/out/physics.o
                0x0000000000002728                PhysicsEngine::PhysicsEngine()
                0x0000000000002728                PhysicsEngine::PhysicsEngine()
                0x000000000000275a                PhysicsEngine::~PhysicsEngine()
                0x000000000000275a                PhysicsEngine::~PhysicsEngine()
                0x0000000000002778                PhysicsEngine::~PhysicsEngine()
                0x00000000000027a8                PhysicsEngine::InitPhysics()
 .text          0x0000000000002832      0x610 debug/out/game.o
                0x0000000000002832                GameEngine::GameEngine()
                0x0000000000002832                GameEngine::GameEngine()
                0x0000000000002916                GameEngine::~GameEngine()
                0x0000000000002916                GameEngine::~GameEngine()
                0x000000000000295a                GameEngine::~GameEngine()
                0x000000000000298a                GameEngine::InitGame(std::__cxx11::basic_string<char, std::char_traits<char>, std::allocator<char> >, int, int)
                0x0000000000002d22                GameEngine::Run()
 .text._ZN2sf15ContextSettingsC2Ejjjjjjb
                0x0000000000002e42       0x6c debug/out/game.o
                0x0000000000002e42                sf::ContextSettings::ContextSettings(unsigned int, unsigned int, unsigned int, unsigned int, unsigned int, unsigned int, bool)
                0x0000000000002e42                sf::ContextSettings::ContextSettings(unsigned int, unsigned int, unsigned int, unsigned int, unsigned int, unsigned int, bool)
 .text._ZN2sf6StringD2Ev
                0x0000000000002eae       0x1f debug/out/game.o
                0x0000000000002eae                sf::String::~String()
                0x0000000000002eae                sf::String::~String()
 *fill*         0x0000000000002ecd        0x1 
 .text._ZNSt7__cxx1112basic_stringIjSt11char_traitsIjESaIjEE12_Alloc_hiderD2Ev
                0x0000000000002ece       0x1f debug/out/game.o
                0x0000000000002ece                std::__cxx11::basic_string<unsigned int, std::char_traits<unsigned int>, std::allocator<unsigned int> >::_Alloc_hider::~_Alloc_hider()
                0x0000000000002ece                std::__cxx11::basic_string<unsigned int, std::char_traits<unsigned int>, std::allocator<unsigned int> >::_Alloc_hider::~_Alloc_hider()
 *fill*         0x0000000000002eed        0x1 
 .text._ZNSt7__cxx1112basic_stringIjSt11char_traitsIjESaIjEED2Ev
                0x0000000000002eee       0x2b debug/out/game.o
                0x0000000000002eee                std::__cxx11::basic_string<unsigned int, std::char_traits<unsigned int>, std::allocator<unsigned int> >::~basic_string()
                0x0000000000002eee                std::__cxx11::basic_string<unsigned int, std::char_traits<unsigned int>, std::allocator<unsigned int> >::~basic_string()
 *fill*         0x0000000000002f19        0x1 
 .text._ZNSaIjED2Ev
                0x0000000000002f1a       0x1f debug/out/game.o
                0x0000000000002f1a                std::allocator<unsigned int>::~allocator()
                0x0000000000002f1a                std::allocator<unsigned int>::~allocator()
 *fill*         0x0000000000002f39        0x1 
 .text._ZNSt7__cxx1112basic_stringIjSt11char_traitsIjESaIjEE10_M_disposeEv
                0x0000000000002f3a       0x3d debug/out/game.o
                0x0000000000002f3a                std::__cxx11::basic_string<unsigned int, std::char_traits<unsigned int>, std::allocator<unsigned int> >::_M_dispose()
 *fill*         0x0000000000002f77        0x1 
 .text._ZN9__gnu_cxx13new_allocatorIjED2Ev
                0x0000000000002f78        0xf debug/out/game.o
                0x0000000000002f78                __gnu_cxx::new_allocator<unsigned int>::~new_allocator()
                0x0000000000002f78                __gnu_cxx::new_allocator<unsigned int>::~new_allocator()
 *fill*         0x0000000000002f87        0x1 
 .text._ZNKSt7__cxx1112basic_stringIjSt11char_traitsIjESaIjEE11_M_is_localEv
                0x0000000000002f88       0x39 debug/out/game.o
                0x0000000000002f88                std::__cxx11::basic_string<unsigned int, std::char_traits<unsigned int>, std::allocator<unsigned int> >::_M_is_local() const
 *fill*         0x0000000000002fc1        0x1 
 .text._ZNSt7__cxx1112basic_stringIjSt11char_traitsIjESaIjEE10_M_destroyEm
                0x0000000000002fc2       0x6d debug/out/game.o
                0x0000000000002fc2                std::__cxx11::basic_string<unsigned int, std::char_traits<unsigned int>, std::allocator<unsigned int> >::_M_destroy(unsigned long)
 *fill*         0x000000000000302f        0x1 
 .text._ZNKSt7__cxx1112basic_stringIjSt11char_traitsIjESaIjEE7_M_dataEv
                0x0000000000003030       0x15 debug/out/game.o
                0x0000000000003030                std::__cxx11::basic_string<unsigned int, std::char_traits<unsigned int>, std::allocator<unsigned int> >::_M_data() const
 *fill*         0x0000000000003045        0x1 
 .text._ZNKSt7__cxx1112basic_stringIjSt11char_traitsIjESaIjEE13_M_local_dataEv
                0x0000000000003046       0x22 debug/out/game.o
                0x0000000000003046                std::__cxx11::basic_string<unsigned int, std::char_traits<unsigned int>, std::allocator<unsigned int> >::_M_local_data() const
 .text._ZNSt16allocator_traitsISaIjEE10deallocateERS0_Pjm
                0x0000000000003068       0x32 debug/out/game.o
                0x0000000000003068                std::allocator_traits<std::allocator<unsigned int> >::deallocate(std::allocator<unsigned int>&, unsigned int*, unsigned long)
 .text._ZNSt7__cxx1112basic_stringIjSt11char_traitsIjESaIjEE16_M_get_allocatorEv
                0x000000000000309a       0x12 debug/out/game.o
                0x000000000000309a                std::__cxx11::basic_string<unsigned int, std::char_traits<unsigned int>, std::allocator<unsigned int> >::_M_get_allocator()
 .text._ZNSt14pointer_traitsIPKjE10pointer_toERS0_
                0x00000000000030ac       0x1e debug/out/game.o
                0x00000000000030ac                std::pointer_traits<unsigned int const*>::pointer_to(unsigned int const&)
 .text._ZN9__gnu_cxx13new_allocatorIjE10deallocateEPjm
                0x00000000000030ca       0x27 debug/out/game.o
                0x00000000000030ca                __gnu_cxx::new_allocator<unsigned int>::deallocate(unsigned int*, unsigned long)
 .text._ZSt9addressofIKjEPT_RS1_
                0x00000000000030f1       0x1e debug/out/game.o
                0x00000000000030f1                unsigned int const* std::addressof<unsigned int const>(unsigned int const&)
 .text._ZSt11__addressofIKjEPT_RS1_
                0x000000000000310f       0x12 debug/out/game.o
                0x000000000000310f                unsigned int const* std::__addressof<unsigned int const>(unsigned int const&)
 *fill*         0x0000000000003121        0xf 
 .text          0x0000000000003130       0x75 /usr/lib/x86_64-linux-gnu/libc_nonshared.a(elf-init.oS)
                0x0000000000003130                __libc_csu_init
                0x00000000000031a0                __libc_csu_fini
 .text          0x00000000000031a5        0x0 /usr/lib/gcc/x86_64-linux-gnu/9/crtendS.o
 .text          0x00000000000031a5        0x0 /usr/lib/gcc/x86_64-linux-gnu/9/../../../x86_64-linux-gnu/crtn.o
 *(.gnu.warning)

.fini           0x00000000000031a8        0xd
 *(SORT_NONE(.fini))
 .fini          0x00000000000031a8        0x8 /usr/lib/gcc/x86_64-linux-gnu/9/../../../x86_64-linux-gnu/crti.o
                0x00000000000031a8                _fini
 .fini          0x00000000000031b0        0x5 /usr/lib/gcc/x86_64-linux-gnu/9/../../../x86_64-linux-gnu/crtn.o
                [!provide]                        PROVIDE (__etext = .)
                [!provide]                        PROVIDE (_etext = .)
                [!provide]                        PROVIDE (etext = .)
                0x0000000000004000                . = ALIGN (CONSTANT (MAXPAGESIZE))
                0x0000000000004000                . = SEGMENT_START ("rodata-segment", (ALIGN (CONSTANT (MAXPAGESIZE)) + (. & (CONSTANT (MAXPAGESIZE) - 0x1))))

.rodata         0x0000000000004000      0x155
 *(.rodata .rodata.* .gnu.linkonce.r.*)
 .rodata.cst4   0x0000000000004000        0x4 /usr/lib/gcc/x86_64-linux-gnu/9/../../../x86_64-linux-gnu/Scrt1.o
                0x0000000000004000                _IO_stdin_used
 .rodata        0x0000000000004004       0x2e debug/out/main.o
 *fill*         0x0000000000004032        0x6 
 .rodata        0x0000000000004038       0x4f debug/out/physics.o
 *fill*         0x0000000000004087        0x9 
 .rodata._ZTS13PhysicsEngine
                0x0000000000004090       0x10 debug/out/physics.o
                0x0000000000004090                typeinfo name for PhysicsEngine
 .rodata        0x00000000000040a0       0xa8 debug/out/game.o
 .rodata._ZTS10GameEngine
                0x0000000000004148        0xd debug/out/game.o
                0x0000000000004148                typeinfo name for GameEngine

.rodata1
 *(.rodata1)

.eh_frame_hdr   0x0000000000004158      0x144
 *(.eh_frame_hdr)
 .eh_frame_hdr  0x0000000000004158      0x144 /usr/lib/gcc/x86_64-linux-gnu/9/../../../x86_64-linux-gnu/Scrt1.o
                0x0000000000004158                __GNU_EH_FRAME_HDR
 *(.eh_frame_entry .eh_frame_entry.*)

.eh_frame       0x00000000000042a0      0x550
 *(.eh_frame)
 .eh_frame      0x00000000000042a0       0x30 /usr/lib/gcc/x86_64-linux-gnu/9/../../../x86_64-linux-gnu/Scrt1.o
                                         0x2c (size before relaxing)
 *fill*         0x00000000000042d0        0x0 
 .eh_frame      0x00000000000042d0       0x28 /usr/lib/gcc/x86_64-linux-gnu/9/../../../x86_64-linux-gnu/Scrt1.o
                                         0x40 (size before relaxing)
 .eh_frame      0x00000000000042f8       0x18 /usr/lib/gcc/x86_64-linux-gnu/9/../../../x86_64-linux-gnu/Scrt1.o
                                         0x30 (size before relaxing)
 .eh_frame      0x0000000000004310       0x18 /usr/lib/gcc/x86_64-linux-gnu/9/../../../x86_64-linux-gnu/Scrt1.o
                                         0x30 (size before relaxing)
 .eh_frame      0x0000000000004328       0x88 debug/out/main.o
                                         0xa0 (size before relaxing)
 .eh_frame      0x00000000000043b0       0xc0 debug/out/physics.o
                                         0xd8 (size before relaxing)
 .eh_frame      0x0000000000004470      0x320 debug/out/game.o
                                        0x358 (size before relaxing)
 .eh_frame      0x0000000000004790       0x5c /usr/lib/x86_64-linux-gnu/libc_nonshared.a(elf-init.oS)
                                         0x78 (size before relaxing)
 .eh_frame      0x00000000000047ec        0x4 /usr/lib/gcc/x86_64-linux-gnu/9/crtendS.o
 *(.eh_frame.*)

.gcc_except_table
                0x00000000000047f0       0x71
 *(.gcc_except_table .gcc_except_table.*)
 .gcc_except_table
                0x00000000000047f0       0x28 debug/out/main.o
 .gcc_except_table
                0x0000000000004818       0x49 debug/out/game.o

.gnu_extab
 *(.gnu_extab*)

.exception_ranges
 *(.exception_ranges*)
                0x0000000000005be0                . = DATA_SEGMENT_ALIGN (CONSTANT (MAXPAGESIZE), CONSTANT (COMMONPAGESIZE))

.eh_frame
 *(.eh_frame)
 *(.eh_frame.*)

.gnu_extab
 *(.gnu_extab)

.gcc_except_table
 *(.gcc_except_table .gcc_except_table.*)

.exception_ranges
 *(.exception_ranges*)

.tdata          0x0000000000005be0        0x0
                [!provide]                        PROVIDE (__tdata_start = .)
 *(.tdata .tdata.* .gnu.linkonce.td.*)

.tbss
 *(.tbss .tbss.* .gnu.linkonce.tb.*)
 *(.tcommon)

.preinit_array  0x0000000000005be0        0x0
                [!provide]                        PROVIDE (__preinit_array_start = .)
 *(.preinit_array)
                [!provide]                        PROVIDE (__preinit_array_end = .)

.init_array     0x0000000000005be0       0x20
                0x0000000000005be0                PROVIDE (__init_array_start = .)
 *(SORT_BY_INIT_PRIORITY(.init_array.*) SORT_BY_INIT_PRIORITY(.ctors.*))
 *(.init_array EXCLUDE_FILE(*crtend?.o *crtend.o *crtbegin?.o *crtbegin.o) .ctors)
 .init_array    0x0000000000005be0        0x8 /usr/lib/gcc/x86_64-linux-gnu/9/crtbeginS.o
 .init_array    0x0000000000005be8        0x8 debug/out/main.o
 .init_array    0x0000000000005bf0        0x8 debug/out/physics.o
 .init_array    0x0000000000005bf8        0x8 debug/out/game.o
                0x0000000000005c00                PROVIDE (__init_array_end = .)

.fini_array     0x0000000000005c00        0x8
                [!provide]                        PROVIDE (__fini_array_start = .)
 *(SORT_BY_INIT_PRIORITY(.fini_array.*) SORT_BY_INIT_PRIORITY(.dtors.*))
 *(.fini_array EXCLUDE_FILE(*crtend?.o *crtend.o *crtbegin?.o *crtbegin.o) .dtors)
 .fini_array    0x0000000000005c00        0x8 /usr/lib/gcc/x86_64-linux-gnu/9/crtbeginS.o
                [!provide]                        PROVIDE (__fini_array_end = .)

.ctors
 *crtbegin.o(.ctors)
 *crtbegin?.o(.ctors)
 *(EXCLUDE_FILE(*crtend?.o *crtend.o) .ctors)
 *(SORT_BY_NAME(.ctors.*))
 *(.ctors)

.dtors
 *crtbegin.o(.dtors)
 *crtbegin?.o(.dtors)
 *(EXCLUDE_FILE(*crtend?.o *crtend.o) .dtors)
 *(SORT_BY_NAME(.dtors.*))
 *(.dtors)

.jcr
 *(.jcr)

.data.rel.ro    0x0000000000005c08       0x60
 *(.data.rel.ro.local* .gnu.linkonce.d.rel.ro.local.*)
 .data.rel.ro.local._ZTV13PhysicsEngine
                0x0000000000005c08       0x20 debug/out/physics.o
                0x0000000000005c08                vtable for PhysicsEngine
 .data.rel.ro.local._ZTV10GameEngine
                0x0000000000005c28       0x20 debug/out/game.o
                0x0000000000005c28                vtable for GameEngine
 *(.data.rel.ro .data.rel.ro.* .gnu.linkonce.d.rel.ro.*)
 .data.rel.ro   0x0000000000005c48        0x0 /usr/lib/gcc/x86_64-linux-gnu/9/../../../x86_64-linux-gnu/Scrt1.o
 .data.rel.ro._ZTI13PhysicsEngine
                0x0000000000005c48       0x10 debug/out/physics.o
                0x0000000000005c48                typeinfo for PhysicsEngine
 .data.rel.ro._ZTI10GameEngine
                0x0000000000005c58       0x10 debug/out/game.o
                0x0000000000005c58                typeinfo for GameEngine

.dynamic        0x0000000000005c68      0x240
 *(.dynamic)
 .dynamic       0x0000000000005c68      0x240 /usr/lib/gcc/x86_64-linux-gnu/9/../../../x86_64-linux-gnu/Scrt1.o
                0x0000000000005c68                _DYNAMIC

.got            0x0000000000005ea8      0x158
 *(.got.plt)
 .got.plt       0x0000000000005ea8      0x120 /usr/lib/gcc/x86_64-linux-gnu/9/../../../x86_64-linux-gnu/Scrt1.o
                0x0000000000005ea8                _GLOBAL_OFFSET_TABLE_
 *(.igot.plt)
 *(.got)
 .got           0x0000000000005fc8       0x38 /usr/lib/gcc/x86_64-linux-gnu/9/../../../x86_64-linux-gnu/Scrt1.o
 *(.igot)
                0x0000000000006000                . = DATA_SEGMENT_RELRO_END (., 0x0)

.data           0x0000000000006000       0x18
 *(.data .data.* .gnu.linkonce.d.*)
 .data          0x0000000000006000        0x4 /usr/lib/gcc/x86_64-linux-gnu/9/../../../x86_64-linux-gnu/Scrt1.o
                0x0000000000006000                data_start
                0x0000000000006000                __data_start
 .data          0x0000000000006004        0x0 /usr/lib/gcc/x86_64-linux-gnu/9/../../../x86_64-linux-gnu/crti.o
 .data          0x0000000000006004        0x0 /usr/lib/gcc/x86_64-linux-gnu/9/crtbeginS.o
 *fill*         0x0000000000006004        0x4 
 .data.rel.local
                0x0000000000006008        0x8 /usr/lib/gcc/x86_64-linux-gnu/9/crtbeginS.o
                0x0000000000006008                __dso_handle
 .data          0x0000000000006010        0x0 debug/out/main.o
 .data.rel.local.DW.ref.__gxx_personality_v0
                0x0000000000006010        0x8 debug/out/main.o
                0x0000000000006010                DW.ref.__gxx_personality_v0
 .data          0x0000000000006018        0x0 debug/out/physics.o
 .data          0x0000000000006018        0x0 debug/out/game.o
 .data          0x0000000000006018        0x0 /usr/lib/x86_64-linux-gnu/libc_nonshared.a(elf-init.oS)
 .data          0x0000000000006018        0x0 /usr/lib/gcc/x86_64-linux-gnu/9/crtendS.o
 .data          0x0000000000006018        0x0 /usr/lib/gcc/x86_64-linux-gnu/9/../../../x86_64-linux-gnu/crtn.o

.tm_clone_table
                0x0000000000006018        0x0
 .tm_clone_table
                0x0000000000006018        0x0 /usr/lib/gcc/x86_64-linux-gnu/9/crtbeginS.o
 .tm_clone_table
                0x0000000000006018        0x0 /usr/lib/gcc/x86_64-linux-gnu/9/crtendS.o

.data1
 *(.data1)
                0x0000000000006018                _edata = .
                [!provide]                        PROVIDE (edata = .)
                0x0000000000006018                . = .
                0x0000000000006018                __bss_start = .

.bss            0x0000000000006040      0x158
 *(.dynbss)
 *fill*         0x0000000000006040        0x0 
 .dynbss        0x0000000000006040      0x150 /usr/lib/gcc/x86_64-linux-gnu/9/../../../x86_64-linux-gnu/Scrt1.o
                0x0000000000006040                sf::Color::White
                0x0000000000006080                std::cout@@GLIBCXX_3.4
 *(.bss .bss.* .gnu.linkonce.b.*)
 .bss           0x0000000000006190        0x0 /usr/lib/gcc/x86_64-linux-gnu/9/../../../x86_64-linux-gnu/Scrt1.o
 .bss           0x0000000000006190        0x0 /usr/lib/gcc/x86_64-linux-gnu/9/../../../x86_64-linux-gnu/crti.o
 .bss           0x0000000000006190        0x1 /usr/lib/gcc/x86_64-linux-gnu/9/crtbeginS.o
 .bss           0x0000000000006191        0x1 debug/out/main.o
 .bss           0x0000000000006192        0x1 debug/out/physics.o
 .bss           0x0000000000006193        0x1 debug/out/game.o
 .bss           0x0000000000006194        0x0 /usr/lib/x86_64-linux-gnu/libc_nonshared.a(elf-init.oS)
 .bss           0x0000000000006194        0x0 /usr/lib/gcc/x86_64-linux-gnu/9/crtendS.o
 .bss           0x0000000000006194        0x0 /usr/lib/gcc/x86_64-linux-gnu/9/../../../x86_64-linux-gnu/crtn.o
 *(COMMON)
                0x0000000000006198                . = ALIGN ((. != 0x0)?0x8:0x1)
 *fill*         0x0000000000006194        0x4 

.lbss
 *(.dynlbss)
 *(.lbss .lbss.* .gnu.linkonce.lb.*)
 *(LARGE_COMMON)
                0x0000000000006198                . = ALIGN (0x8)
                0x0000000000006198                . = SEGMENT_START ("ldata-segment", .)

.lrodata
 *(.lrodata .lrodata.* .gnu.linkonce.lr.*)

.ldata          0x0000000000008198        0x0
 *(.ldata .ldata.* .gnu.linkonce.l.*)
                0x0000000000008198                . = ALIGN ((. != 0x0)?0x8:0x1)
                0x0000000000008198                . = ALIGN (0x8)
                0x0000000000006198                _end = .
                [!provide]                        PROVIDE (end = .)
                0x0000000000008198                . = DATA_SEGMENT_END (.)

.stab
 *(.stab)

.stabstr
 *(.stabstr)

.stab.excl
 *(.stab.excl)

.stab.exclstr
 *(.stab.exclstr)

.stab.index
 *(.stab.index)

.stab.indexstr
 *(.stab.indexstr)

.comment        0x0000000000000000       0x2a
 *(.comment)
 .comment       0x0000000000000000       0x2a /usr/lib/gcc/x86_64-linux-gnu/9/crtbeginS.o
                                         0x2b (size before relaxing)
 .comment       0x000000000000002a       0x2b debug/out/main.o
 .comment       0x000000000000002a       0x2b debug/out/physics.o
 .comment       0x000000000000002a       0x2b debug/out/game.o
 .comment       0x000000000000002a       0x2b /usr/lib/gcc/x86_64-linux-gnu/9/crtendS.o

.gnu.build.attributes
 *(.gnu.build.attributes .gnu.build.attributes.*)

.debug
 *(.debug)

.line
 *(.line)

.debug_srcinfo
 *(.debug_srcinfo)

.debug_sfnames
 *(.debug_sfnames)

.debug_aranges  0x0000000000000000      0x1a0
 *(.debug_aranges)
 .debug_aranges
                0x0000000000000000       0x30 debug/out/main.o
 .debug_aranges
                0x0000000000000030       0x30 debug/out/physics.o
 .debug_aranges
                0x0000000000000060      0x140 debug/out/game.o

.debug_pubnames
 *(.debug_pubnames)

.debug_info     0x0000000000000000    0x14b03
 *(.debug_info .gnu.linkonce.wi.*)
 .debug_info    0x0000000000000000     0x5b10 debug/out/main.o
 .debug_info    0x0000000000005b10     0x31ba debug/out/physics.o
 .debug_info    0x0000000000008cca     0xbe39 debug/out/game.o

.debug_abbrev   0x0000000000000000     0x1d1a
 *(.debug_abbrev)
 .debug_abbrev  0x0000000000000000      0x904 debug/out/main.o
 .debug_abbrev  0x0000000000000904      0x787 debug/out/physics.o
 .debug_abbrev  0x000000000000108b      0xc8f debug/out/game.o

.debug_line     0x0000000000000000     0x14b7
 *(.debug_line .debug_line.* .debug_line_end)
 .debug_line    0x0000000000000000      0x5ee debug/out/main.o
 .debug_line    0x00000000000005ee      0x517 debug/out/physics.o
 .debug_line    0x0000000000000b05      0x9b2 debug/out/game.o

.debug_frame
 *(.debug_frame)

.debug_str      0x0000000000000000     0xfeb7
 *(.debug_str)
 .debug_str     0x0000000000000000     0x6875 debug/out/main.o
                                       0x6d8f (size before relaxing)
 .debug_str     0x0000000000006875      0x10d debug/out/physics.o
                                       0x22e7 (size before relaxing)
 .debug_str     0x0000000000006982     0x9535 debug/out/game.o
                                       0xff73 (size before relaxing)

.debug_loc
 *(.debug_loc)

.debug_macinfo
 *(.debug_macinfo)

.debug_weaknames
 *(.debug_weaknames)

.debug_funcnames
 *(.debug_funcnames)

.debug_typenames
 *(.debug_typenames)

.debug_varnames
 *(.debug_varnames)

.debug_pubtypes
 *(.debug_pubtypes)

.debug_ranges   0x0000000000000000      0x130
 *(.debug_ranges)
 .debug_ranges  0x0000000000000000      0x130 debug/out/game.o

.debug_macro
 *(.debug_macro)

.debug_addr
 *(.debug_addr)

.gnu.attributes
 *(.gnu.attributes)

/DISCARD/
 *(.note.GNU-stack)
 *(.gnu_debuglink)
 *(.gnu.lto_*)
OUTPUT(debug/exe/test.out elf64-x86-64)
